[2026-08-14T11:20:20+03:00] Launch requested (interface=tk).
[2026-08-14T11:20:20+03:00] Starting Tk safe-mode interface.
[2026-08-14T11:21:30+03:00] Tk interface closed normally.
[2026-08-14T11:21:31+03:00] Launch requested (interface=web).
[2026-08-14T11:21:31+03:00] Starting native HTML/WebView interface.
[2026-08-14T11:24:48+03:00] Launch requested (interface=tk).
[2026-08-14T11:24:48+03:00] Starting Tk safe-mode interface.
[2026-08-14T11:24:53+03:00] Tk interface closed normally.
[2026-08-14T11:24:55+03:00] Launch requested (interface=web).
[2026-08-14T11:24:55+03:00] Starting native HTML/WebView interface.
[2026-08-14T11:25:27+03:00] Launch requested (interface=tk).
[2026-08-14T11:25:27+03:00] Starting Tk safe-mode interface.
[2026-08-14T11:28:20+03:00] HTML/WebView interface closed normally.
[2026-08-14T11:28:22+03:00] Tk interface closed normally.
[2026-08-14T11:29:02+03:00] HTML/WebView interface closed normally.
[2026-08-14T11:40:36+03:00] Starting HTML-only localhost interface.
[2026-08-14T12:05:39+03:00] Starting HTML-only localhost interface.
[2026-08-14T12:08:01+03:00] Starting HTML-only localhost interface.
[2026-08-14T12:47:30+03:00] Starting HTML-only localhost interface.
[2026-08-14T12:51:09+03:00] Starting HTML-only localhost interface.
[2026-08-14T12:56:08+03:00] Starting HTML-only localhost interface.
[2026-08-14T13:01:38+03:00] Starting HTML-only localhost interface.
[2026-08-14T13:04:45+03:00] Starting HTML-only localhost interface.
[2026-08-14T13:09:21+03:00] Starting HTML-only localhost interface.
[2026-08-14T13:28:57+03:00] Starting HTML-only localhost interface.
[2026-08-14T13:32:48+03:00] Starting HTML-only localhost interface.
[2026-08-14T13:34:55+03:00] Starting HTML-only localhost interface.
[2026-08-14T13:56:21+03:00] Starting HTML-only localhost interface.
[2026-08-14T14:42:16+03:00] Starting HTML-only localhost interface.
[2026-08-14T14:45:33+03:00] Starting HTML-only localhost interface.
[2026-08-14T14:47:32+03:00] Starting HTML-only localhost interface.
[2026-08-14T14:49:51+03:00] Starting HTML-only localhost interface.
[2026-08-14T15:04:45+03:00] Starting HTML-only localhost interface.
[2026-08-14T15:15:42+03:00] Starting HTML-only localhost interface.
[2026-08-14T15:24:11+03:00] Starting HTML-only localhost interface.
[2026-08-14T15:36:51+03:00] Starting HTML-only localhost interface.
[2026-08-14T15:50:18+03:00] Starting HTML-only localhost interface.
[2026-08-14T16:19:44+03:00] Starting HTML-only localhost interface.
[2026-08-14T17:19:19+03:00] Starting HTML-only localhost interface.
[2026-08-14T18:05:01+03:00] Starting HTML-only localhost interface.
[2026-08-14T18:26:47+03:00] Starting HTML-only localhost interface.
[2026-08-14T18:31:54+03:00] Starting HTML-only localhost interface.
[2026-08-14T18:58:29+03:00] Starting HTML-only localhost interface.
[2026-08-14T19:02:53+03:00] Starting HTML-only localhost interface.
[2026-08-14T19:33:01+03:00] HTML-only localhost interface stopped normally.
[2026-08-14T20:08:48+03:00] Starting HTML-only localhost interface.
[2026-08-14T20:42:19+03:00] Starting HTML-only localhost interface.
[2026-08-14T22:03:37+03:00] Starting HTML-only localhost interface.
[2026-08-14T22:48:03+03:00] Starting HTML-only localhost interface.
[2026-08-14T23:01:33+03:00] Starting HTML-only localhost interface.
[2026-08-14T23:05:35+03:00] Starting HTML-only localhost interface.
[2026-08-14T23:09:50+03:00] Starting HTML-only localhost interface.
[2026-08-14T23:14:53+03:00] Starting HTML-only localhost interface.
[2026-08-15T00:22:39+03:00] Starting HTML-only localhost interface.
[2026-08-15T00:27:36+03:00] Starting HTML-only localhost interface.
[2026-08-15T00:37:36+03:00] Starting HTML-only localhost interface.
[2026-08-15T10:07:32+03:00] Starting HTML-only localhost interface.
[2026-08-15T10:15:40+03:00] Starting HTML-only localhost interface.
[2026-08-15T10:19:55+03:00] Starting HTML-only localhost interface.
[2026-08-15T10:30:10+03:00] Starting HTML-only localhost interface.
[2026-08-15T10:42:16+03:00] Starting HTML-only localhost interface.
[2026-08-15T10:46:50+03:00] Starting HTML-only localhost interface.
[2026-08-15T10:56:36+03:00] Starting HTML-only localhost interface.
[2026-08-15T11:05:20+03:00] Starting HTML-only localhost interface.
[2026-08-15T11:11:54+03:00] Starting HTML-only localhost interface.
[2026-08-15T11:23:03+03:00] Starting HTML-only localhost interface.
[2026-08-15T11:28:37+03:00] Starting HTML-only localhost interface.
[2026-08-15T11:41:47+03:00] Starting HTML-only localhost interface.
[2026-08-15T11:47:32+03:00] Starting HTML-only localhost interface.
[2026-08-15T11:51:43+03:00] Starting HTML-only localhost interface.
[2026-08-15T12:06:28+03:00] Starting HTML-only localhost interface.
[2026-08-15T12:21:13+03:00] Starting HTML-only localhost interface.
[2026-08-15T12:53:01+03:00] Starting HTML-only localhost interface.
[2026-08-15T12:59:33+03:00] Starting HTML-only localhost interface.
[2026-08-15T13:08:41+03:00] Starting HTML-only localhost interface.
[2026-08-15T15:18:33+03:00] Starting HTML-only localhost interface.
[2026-08-15T15:39:21+03:00] Starting HTML-only localhost interface.
[2026-08-15T16:42:03+03:00] Starting HTML-only localhost interface.
[2026-08-15T16:42:10+03:00] Aura HTML server failed.
Traceback (most recent call last):
  File "C:\Users\Mattias\Desktop\AI projects\aura_app.py", line 37, in <module>
    main()
    ~~~~^^
  File "C:\Users\Mattias\Desktop\AI projects\aura_app.py", line 31, in main
    run()
    ~~~^^
  File "C:\Users\Mattias\Desktop\AI projects\aura\http_app.py", line 276, in run
    bridge = AuraWebBridge()
  File "C:\Users\Mattias\Desktop\AI projects\aura\web_bridge.py", line 52, in __init__
    self.agent = agent or AuraAgent(on_log=self._on_log)
                          ~~~~~~~~~^^^^^^^^^^^^^^^^^^^^^
  File "C:\Users\Mattias\Desktop\AI projects\aura\agent.py", line 66, in __init__
    self.log.record("store_migrated", "ok", **migrated)
    ~~~~~~~~~~~~~~~^^^^^^^^^^^^^^^^^^^^^^^^^^^^^^^^^^^^
  File "C:\Users\Mattias\Desktop\AI projects\aura\action_log.py", line 35, in record
    self.on_event(event)
    ~~~~~~~~~~~~~^^^^^^^
  File "C:\Users\Mattias\Desktop\AI projects\aura\web_bridge.py", line 86, in _on_log
    self._push("log", event=event)
    ~~~~~~~~~~^^^^^^^^^^^^^^^^^^^^
  File "C:\Users\Mattias\Desktop\AI projects\aura\web_bridge.py", line 80, in _push
    if not self._closing:
           ^^^^^^^^^^^^^
AttributeError: 'AuraWebBridge' object has no attribute '_closing'
[2026-08-15T16:44:44+03:00] Starting HTML-only localhost interface.
[2026-08-16T11:19:57+03:00] Starting HTML-only localhost interface.
[2026-08-16T11:50:05+03:00] Starting HTML-only localhost interface.
[2026-08-16T12:04:59+03:00] Starting HTML-only localhost interface.
[2026-08-16T12:07:22+03:00] Starting HTML-only localhost interface.
[2026-08-16T12:24:55+03:00] Starting HTML-only localhost interface.
[2026-08-16T12:34:58+03:00] Starting HTML-only localhost interface.
[2026-08-16T12:36:47+03:00] Starting HTML-only localhost interface.
[2026-08-16T12:41:23+03:00] Starting HTML-only localhost interface.
[2026-08-16T12:52:03+03:00] Starting HTML-only localhost interface.
[2026-08-16T12:58:23+03:00] Starting HTML-only localhost interface.
[2026-08-16T13:00:32+03:00] Starting HTML-only localhost interface.
[2026-08-16T13:06:09+03:00] Starting HTML-only localhost interface.
[2026-08-16T13:15:00+03:00] Starting HTML-only localhost interface.
[2026-08-16T13:39:30+03:00] Starting HTML-only localhost interface.
[2026-08-16T13:47:15+03:00] Starting HTML-only localhost interface.
[2026-08-16T13:54:40+03:00] Starting HTML-only localhost interface.
[2026-08-16T16:25:35+03:00] Starting HTML-only localhost interface.
[2026-08-16T16:57:57+03:00] Starting HTML-only localhost interface.
[2026-08-16T17:32:27+03:00] Starting HTML-only localhost interface.
[2026-08-16T18:00:41+03:00] Starting HTML-only localhost interface.
[2026-08-16T18:17:22+03:00] Starting HTML-only localhost interface.
[2026-08-16T19:22:50+03:00] Starting HTML-only localhost interface.
[2026-08-16T19:39:33+03:00] Starting HTML-only localhost interface.
[2026-08-16T19:50:17+03:00] Starting HTML-only localhost interface.
[2026-08-16T20:14:16+03:00] Starting HTML-only localhost interface.
[2026-08-16T20:36:22+03:00] Starting HTML-only localhost interface.
[2026-08-16T20:47:08+03:00] Starting HTML-only localhost interface.
[2026-08-16T21:24:00+03:00] Starting HTML-only localhost interface.
[2026-08-16T21:38:07+03:00] Starting HTML-only localhost interface.
[2026-08-16T21:42:35+03:00] Starting HTML-only localhost interface.
[2026-08-16T21:48:28+03:00] Starting HTML-only localhost interface.
[2026-08-17T08:14:58+03:00] Starting HTML-only localhost interface.
[2026-08-17T08:36:58+03:00] Starting HTML-only localhost interface.
[2026-08-17T08:43:22+03:00] Starting HTML-only localhost interface.
[2026-08-17T08:50:01+03:00] Starting HTML-only localhost interface.
[2026-08-17T09:12:42+03:00] Starting HTML-only localhost interface.
[2026-08-17T09:13:17+03:00] Starting HTML-only localhost interface.
[2026-08-17T09:16:42+03:00] Starting HTML-only localhost interface.
[2026-08-17T09:41:49+03:00] Starting HTML-only localhost interface.
[2026-08-17T09:44:27+03:00] HTML-only localhost interface stopped normally.
[2026-08-17T09:47:26+03:00] Starting HTML-only localhost interface.
[2026-08-17T10:08:11+03:00] Starting HTML-only localhost interface.
[2026-08-17T10:37:39+03:00] Starting HTML-only localhost interface.
[2026-08-17T13:05:32+03:00] Starting HTML-only localhost interface.
[2026-08-17T13:48:44+03:00] Starting HTML-only localhost interface.
[2026-08-17T14:12:50+03:00] Starting HTML-only localhost interface.
[2026-08-17T14:43:51+03:00] Starting HTML-only localhost interface.
[2026-08-17T14:57:52+03:00] Starting HTML-only localhost interface.
[2026-08-17T14:59:13+03:00] Starting HTML-only localhost interface.
[2026-08-17T15:36:14+03:00] Starting HTML-only localhost interface.
[2026-08-17T15:56:01+03:00] Starting HTML-only localhost interface.
[2026-08-17T16:06:18+03:00] Starting HTML-only localhost interface.
[2026-08-17T16:27:25+03:00] Starting HTML-only localhost interface.
[2026-08-17T18:25:56+03:00] Starting HTML-only localhost interface.
[2026-08-17T18:54:03+03:00] Starting HTML-only localhost interface.
[2026-08-17T18:58:26+03:00] Starting HTML-only localhost interface.
[2026-08-17T19:14:57+03:00] Starting HTML-only localhost interface.
[2026-08-17T19:28:01+03:00] Starting HTML-only localhost interface.
[2026-08-17T20:46:26+03:00] Starting HTML-only localhost interface.
[2026-08-17T20:48:18+03:00] Starting HTML-only localhost interface.
[2026-08-17T21:27:41+03:00] Starting HTML-only localhost interface.
[2026-08-17T21:46:23+03:00] Starting HTML-only localhost interface.
[2026-08-17T23:05:23+03:00] Starting HTML-only localhost interface.
[2026-08-17T23:17:14+03:00] Starting HTML-only localhost interface.
[2026-08-17T23:27:49+03:00] Starting HTML-only localhost interface.
[2026-08-17T23:31:51+03:00] Starting HTML-only localhost interface.
[2026-08-18T08:31:25+03:00] Starting HTML-only localhost interface.
[2026-08-18T12:11:37+03:00] Starting HTML-only localhost interface.
[2026-08-18T12:32:17+03:00] Starting HTML-only localhost interface.
[2026-08-18T12:51:30+03:00] Starting HTML-only localhost interface.
[2026-08-18T13:13:42+03:00] Starting HTML-only localhost interface.
[2026-08-18T13:43:01+03:00] Starting HTML-only localhost interface.
[2026-08-18T16:59:40+03:00] Starting HTML-only localhost interface.
[2026-08-18T17:30:01+03:00] Starting HTML-only localhost interface.
[2026-08-18T18:25:42+03:00] Starting HTML-only localhost interface.
[2026-08-18T18:55:04+03:00] Starting HTML-only localhost interface.
[2026-08-18T19:36:58+03:00] Starting HTML-only localhost interface.
[2026-08-18T22:33:59+03:00] Starting HTML-only localhost interface.
[2026-08-18T23:08:22+03:00] Starting HTML-only localhost interface.
[2026-08-18T23:32:23+03:00] Starting HTML-only localhost interface.
[2026-08-18T23:41:53+03:00] Starting HTML-only localhost interface.
[2026-08-18T23:54:31+03:00] Starting HTML-only localhost interface.
[2026-08-19T06:39:46+03:00] Starting HTML-only localhost interface.
[2026-08-19T07:02:09+03:00] Starting HTML-only localhost interface.
[2026-08-19T07:20:22+03:00] Starting HTML-only localhost interface.
[2026-08-19T07:25:20+03:00] Starting HTML-only localhost interface.
[2026-08-19T07:40:03+03:00] Starting HTML-only localhost interface.
[2026-08-19T09:35:23+03:00] Starting HTML-only localhost interface.
[2026-08-19T11:02:15+03:00] Starting HTML-only localhost interface.
[2026-08-19T13:06:44+03:00] Starting HTML-only localhost interface.
[2026-08-19T13:20:04+03:00] Starting HTML-only localhost interface.
[2026-08-19T14:00:46+03:00] Starting HTML-only localhost interface.
[2026-08-19T14:13:04+03:00] Starting HTML-only localhost interface.
[2026-08-19T14:48:54+03:00] Starting HTML-only localhost interface.
[2026-08-19T15:36:13+03:00] Starting HTML-only localhost interface.
[2026-08-19T15:54:53+03:00] Starting HTML-only localhost interface.
[2026-08-19T16:07:11+03:00] Starting HTML-only localhost interface.
[2026-08-19T16:25:48+03:00] Starting HTML-only localhost interface.
[2026-08-19T16:39:08+03:00] Starting HTML-only localhost interface.
[2026-08-19T16:55:42+03:00] Starting HTML-only localhost interface.
[2026-08-19T18:55:58+03:00] Starting HTML-only localhost interface.
[2026-08-19T19:10:04+03:00] Starting HTML-only localhost interface.
[2026-08-19T19:55:11+03:00] Starting HTML-only localhost interface.
[2026-08-19T20:06:40+03:00] Starting HTML-only localhost interface.
[2026-08-19T20:10:30+03:00] Starting HTML-only localhost interface.
[2026-08-19T20:28:24+03:00] Starting HTML-only localhost interface.
[2026-08-20T10:04:16+03:00] Starting HTML-only localhost interface.
[2026-08-20T10:30:52+03:00] Starting HTML-only localhost interface.
[2026-08-20T10:50:28+03:00] Starting HTML-only localhost interface.
[2026-08-20T11:13:06+03:00] Starting HTML-only localhost interface.
[2026-08-20T11:29:56+03:00] Starting HTML-only localhost interface.
[2026-08-20T11:38:27+03:00] Starting HTML-only localhost interface.
[2026-08-20T12:00:36+03:00] Starting HTML-only localhost interface.
[2026-08-20T12:09:22+03:00] Starting HTML-only localhost interface.
[2026-08-20T12:54:59+03:00] Starting HTML-only localhost interface.
[2026-08-20T13:19:55+03:00] Starting HTML-only localhost interface.
[2026-08-20T14:59:16+03:00] Starting HTML-only localhost interface.
